// Jest Snapshot v1, https://goo.gl/fbAQLP

exports[`<StaticModuleEdit /> Should match the snapshot when "Default attributes that gets added when Static module is added." 1`] = `"<div class=\\"et_pb_static_module et_pb_text_align_undefined et_pb_bg_layout_light et_pb_module\\" data-id=\\"static-module-1\\"><div class=\\"et_pb_static_module_image\\"><img src=\\"data:image/svg+xml;base64,PHN2ZyB3aWR0aD0iMTA4MCIgaGVpZ2h0PSI1NDAiIHZpZXdCb3g9IjAgMCAxMDgwIDU0MCIgeG1sbnM9Imh0dHA6Ly93d3cudzMub3JnLzIwMDAvc3ZnIj4KICAgIDxnIGZpbGw9Im5vbmUiIGZpbGwtcnVsZT0iZXZlbm9kZCI+CiAgICAgICAgPHBhdGggZmlsbD0iI0VCRUJFQiIgZD0iTTAgMGgxMDgwdjU0MEgweiIvPgogICAgICAgIDxwYXRoIGQ9Ik00NDUuNjQ5IDU0MGgtOTguOTk1TDE0NC42NDkgMzM3Ljk5NSAwIDQ4Mi42NDR2LTk4Ljk5NWwxMTYuMzY1LTExNi4zNjVjMTUuNjItMTUuNjIgNDAuOTQ3LTE1LjYyIDU2LjU2OCAwTDQ0NS42NSA1NDB6IiBmaWxsLW9wYWNpdHk9Ii4xIiBmaWxsPSIjMDAwIiBmaWxsLXJ1bGU9Im5vbnplcm8iLz4KICAgICAgICA8Y2lyY2xlIGZpbGwtb3BhY2l0eT0iLjA1IiBmaWxsPSIjMDAwIiBjeD0iMzMxIiBjeT0iMTQ4IiByPSI3MCIvPgogICAgICAgIDxwYXRoIGQ9Ik0xMDgwIDM3OXYxMTMuMTM3TDcyOC4xNjIgMTQwLjMgMzI4LjQ2MiA1NDBIMjE1LjMyNEw2OTkuODc4IDU1LjQ0NmMxNS42Mi0xNS42MiA0MC45NDgtMTUuNjIgNTYuNTY4IDBMMTA4MCAzNzl6IiBmaWxsLW9wYWNpdHk9Ii4yIiBmaWxsPSIjMDAwIiBmaWxsLXJ1bGU9Im5vbnplcm8iLz4KICAgIDwvZz4KPC9zdmc+Cg==\\"/></div><div class=\\"et_pb_static_module_content_container\\"><h2 class=\\"et_pb_static_module_title\\">Your Title Goes Here</h2><div class=\\"et_pb_static_module_content\\"><p>Your content goes here. Edit or remove this text inline or in the module Content settings. You can also style every aspect of this content in the module Design settings and even apply custom CSS to this text in the module Advanced settings.</p></div></div></div>"`;

exports[`<StaticModuleEdit /> Should match the snapshot when "Display content text style properly when the content text style is set." 1`] = `"<div class=\\"et_pb_static_module et_pb_text_align_undefined et_pb_bg_layout_light et_pb_module\\" data-id=\\"static-module-2\\"><div class=\\"et_pb_static_module_image\\"><img src=\\"data:image/svg+xml;base64,PHN2ZyB3aWR0aD0iMTA4MCIgaGVpZ2h0PSI1NDAiIHZpZXdCb3g9IjAgMCAxMDgwIDU0MCIgeG1sbnM9Imh0dHA6Ly93d3cudzMub3JnLzIwMDAvc3ZnIj4KICAgIDxnIGZpbGw9Im5vbmUiIGZpbGwtcnVsZT0iZXZlbm9kZCI+CiAgICAgICAgPHBhdGggZmlsbD0iI0VCRUJFQiIgZD0iTTAgMGgxMDgwdjU0MEgweiIvPgogICAgICAgIDxwYXRoIGQ9Ik00NDUuNjQ5IDU0MGgtOTguOTk1TDE0NC42NDkgMzM3Ljk5NSAwIDQ4Mi42NDR2LTk4Ljk5NWwxMTYuMzY1LTExNi4zNjVjMTUuNjItMTUuNjIgNDAuOTQ3LTE1LjYyIDU2LjU2OCAwTDQ0NS42NSA1NDB6IiBmaWxsLW9wYWNpdHk9Ii4xIiBmaWxsPSIjMDAwIiBmaWxsLXJ1bGU9Im5vbnplcm8iLz4KICAgICAgICA8Y2lyY2xlIGZpbGwtb3BhY2l0eT0iLjA1IiBmaWxsPSIjMDAwIiBjeD0iMzMxIiBjeT0iMTQ4IiByPSI3MCIvPgogICAgICAgIDxwYXRoIGQ9Ik0xMDgwIDM3OXYxMTMuMTM3TDcyOC4xNjIgMTQwLjMgMzI4LjQ2MiA1NDBIMjE1LjMyNEw2OTkuODc4IDU1LjQ0NmMxNS42Mi0xNS42MiA0MC45NDgtMTUuNjIgNTYuNTY4IDBMMTA4MCAzNzl6IiBmaWxsLW9wYWNpdHk9Ii4yIiBmaWxsPSIjMDAwIiBmaWxsLXJ1bGU9Im5vbnplcm8iLz4KICAgIDwvZz4KPC9zdmc+Cg==\\"/></div><div class=\\"et_pb_static_module_content_container\\"><h2 class=\\"et_pb_static_module_title\\">Your Title Goes Here</h2><div class=\\"et_pb_static_module_content\\"><p>Your content goes here. Edit or remove this text inline or in the module Content settings. You can also style every aspect of this content in the module Design settings and even apply custom CSS to this text in the module Advanced settings.</p></div></div><style class=\\"et-vb-module-styles\\">.et_pb_static_module[data-id=&quot;static-module-2&quot;] .et_pb_static_module_content {font-style: italic; letter-spacing: 1px}.et_pb_static_module[data-id=&quot;static-module-2&quot;] .et_pb_static_module_content {text-align: center}</style></div>"`;

exports[`<StaticModuleEdit /> Should match the snapshot when "Display custom background properly when the custom background is set." 1`] = `"<div class=\\"et_pb_static_module et_pb_text_align_undefined et_pb_bg_layout_light et_pb_module\\" data-id=\\"static-module-3\\"><div class=\\"et_pb_static_module_image\\"><img src=\\"data:image/svg+xml;base64,PHN2ZyB3aWR0aD0iMTA4MCIgaGVpZ2h0PSI1NDAiIHZpZXdCb3g9IjAgMCAxMDgwIDU0MCIgeG1sbnM9Imh0dHA6Ly93d3cudzMub3JnLzIwMDAvc3ZnIj4KICAgIDxnIGZpbGw9Im5vbmUiIGZpbGwtcnVsZT0iZXZlbm9kZCI+CiAgICAgICAgPHBhdGggZmlsbD0iI0VCRUJFQiIgZD0iTTAgMGgxMDgwdjU0MEgweiIvPgogICAgICAgIDxwYXRoIGQ9Ik00NDUuNjQ5IDU0MGgtOTguOTk1TDE0NC42NDkgMzM3Ljk5NSAwIDQ4Mi42NDR2LTk4Ljk5NWwxMTYuMzY1LTExNi4zNjVjMTUuNjItMTUuNjIgNDAuOTQ3LTE1LjYyIDU2LjU2OCAwTDQ0NS42NSA1NDB6IiBmaWxsLW9wYWNpdHk9Ii4xIiBmaWxsPSIjMDAwIiBmaWxsLXJ1bGU9Im5vbnplcm8iLz4KICAgICAgICA8Y2lyY2xlIGZpbGwtb3BhY2l0eT0iLjA1IiBmaWxsPSIjMDAwIiBjeD0iMzMxIiBjeT0iMTQ4IiByPSI3MCIvPgogICAgICAgIDxwYXRoIGQ9Ik0xMDgwIDM3OXYxMTMuMTM3TDcyOC4xNjIgMTQwLjMgMzI4LjQ2MiA1NDBIMjE1LjMyNEw2OTkuODc4IDU1LjQ0NmMxNS42Mi0xNS42MiA0MC45NDgtMTUuNjIgNTYuNTY4IDBMMTA4MCAzNzl6IiBmaWxsLW9wYWNpdHk9Ii4yIiBmaWxsPSIjMDAwIiBmaWxsLXJ1bGU9Im5vbnplcm8iLz4KICAgIDwvZz4KPC9zdmc+Cg==\\"/></div><div class=\\"et_pb_static_module_content_container\\"><h2 class=\\"et_pb_static_module_title\\">Your Title Goes Here</h2><div class=\\"et_pb_static_module_content\\"><p>Your content goes here. Edit or remove this text inline or in the module Content settings. You can also style every aspect of this content in the module Design settings and even apply custom CSS to this text in the module Advanced settings.</p></div></div><style class=\\"et-vb-module-styles\\">.et_pb_static_module[data-id=&quot;static-module-3&quot;] {background-color: #7cda24}</style></div>"`;

exports[`<StaticModuleEdit /> Should match the snapshot when "Display custom image properly when the custom image is set." 1`] = `"<div class=\\"et_pb_static_module et_pb_text_align_undefined et_pb_bg_layout_light et_pb_module\\" data-id=\\"static-module-4\\"><div class=\\"et_pb_static_module_image\\"><img src=\\"https://www.elegantthemes.com/images/home/category-thumb-store-large.jpg\\" alt=\\"category thumb store large\\"/></div><div class=\\"et_pb_static_module_content_container\\"><h2 class=\\"et_pb_static_module_title\\">Your Title Goes Here</h2><div class=\\"et_pb_static_module_content\\"><p>Your content goes here. Edit or remove this text inline or in the module Content settings. You can also style every aspect of this content in the module Design settings and even apply custom CSS to this text in the module Advanced settings.</p></div></div></div>"`;

exports[`<StaticModuleEdit /> Should match the snapshot when "Display image style properly when the image style is set." 1`] = `"<div class=\\"et_pb_static_module et_pb_text_align_undefined et_pb_bg_layout_light et_pb_module\\" data-id=\\"static-module-5\\"><div class=\\"et_pb_static_module_image\\"><img src=\\"https://www.elegantthemes.com/images/home/category-thumb-store-large.jpg\\" alt=\\"category thumb store large\\"/></div><div class=\\"et_pb_static_module_content_container\\"><h2 class=\\"et_pb_static_module_title\\">Your Title Goes Here</h2><div class=\\"et_pb_static_module_content\\"><p>Your content goes here. Edit or remove this text inline or in the module Content settings. You can also style every aspect of this content in the module Design settings and even apply custom CSS to this text in the module Advanced settings.</p></div></div><style class=\\"et-vb-module-styles\\">.et_pb_static_module[data-id=&quot;static-module-5&quot;] .et_pb_static_module_image img {border-bottom-left-radius: 14px !important; border-top-left-radius: 14px !important; border-bottom-right-radius: 14px !important; border-top-right-radius: 14px !important; border-width: 10px !important; border-color: #8300e9 !important; border-style: solid !important}.et_pb_static_module[data-id=&quot;static-module-5&quot;] .et_pb_static_module_image img {box-shadow: 6px 6px 18px 0px rgba(0,0,0,0.3);}</style></div>"`;

exports[`<StaticModuleEdit /> Should match the snapshot when "Display title text style properly when the title text style is set." 1`] = `"<div class=\\"et_pb_static_module et_pb_text_align_undefined et_pb_bg_layout_light et_pb_module\\" data-id=\\"static-module-6\\"><div class=\\"et_pb_static_module_image\\"><img src=\\"data:image/svg+xml;base64,PHN2ZyB3aWR0aD0iMTA4MCIgaGVpZ2h0PSI1NDAiIHZpZXdCb3g9IjAgMCAxMDgwIDU0MCIgeG1sbnM9Imh0dHA6Ly93d3cudzMub3JnLzIwMDAvc3ZnIj4KICAgIDxnIGZpbGw9Im5vbmUiIGZpbGwtcnVsZT0iZXZlbm9kZCI+CiAgICAgICAgPHBhdGggZmlsbD0iI0VCRUJFQiIgZD0iTTAgMGgxMDgwdjU0MEgweiIvPgogICAgICAgIDxwYXRoIGQ9Ik00NDUuNjQ5IDU0MGgtOTguOTk1TDE0NC42NDkgMzM3Ljk5NSAwIDQ4Mi42NDR2LTk4Ljk5NWwxMTYuMzY1LTExNi4zNjVjMTUuNjItMTUuNjIgNDAuOTQ3LTE1LjYyIDU2LjU2OCAwTDQ0NS42NSA1NDB6IiBmaWxsLW9wYWNpdHk9Ii4xIiBmaWxsPSIjMDAwIiBmaWxsLXJ1bGU9Im5vbnplcm8iLz4KICAgICAgICA8Y2lyY2xlIGZpbGwtb3BhY2l0eT0iLjA1IiBmaWxsPSIjMDAwIiBjeD0iMzMxIiBjeT0iMTQ4IiByPSI3MCIvPgogICAgICAgIDxwYXRoIGQ9Ik0xMDgwIDM3OXYxMTMuMTM3TDcyOC4xNjIgMTQwLjMgMzI4LjQ2MiA1NDBIMjE1LjMyNEw2OTkuODc4IDU1LjQ0NmMxNS42Mi0xNS42MiA0MC45NDgtMTUuNjIgNTYuNTY4IDBMMTA4MCAzNzl6IiBmaWxsLW9wYWNpdHk9Ii4yIiBmaWxsPSIjMDAwIiBmaWxsLXJ1bGU9Im5vbnplcm8iLz4KICAgIDwvZz4KPC9zdmc+Cg==\\"/></div><div class=\\"et_pb_static_module_content_container\\"><h1 class=\\"et_pb_static_module_title\\">Your Title Goes Here</h1><div class=\\"et_pb_static_module_content\\"><p>Your content goes here. Edit or remove this text inline or in the module Content settings. You can also style every aspect of this content in the module Design settings and even apply custom CSS to this text in the module Advanced settings.</p></div></div><style class=\\"et-vb-module-styles\\">.et_pb_static_module[data-id=&quot;static-module-6&quot;] .et_pb_static_module_title {font-weight: 300; text-transform: uppercase; color: #8300e9; font-size: 36px}</style></div>"`;
