// Jest Snapshot v1, https://goo.gl/fbAQLP

exports[`<ChildModuleEdit /> Should match the snapshot when "Default attributes that gets added when Child module is added." 1`] = `"<li class=\\"example_child_module_child-module-1 example_child_module et_pb_module et-animated--vb\\" data-id=\\"child-module-1\\"><div class=\\"child-module__icon et-pb-icon\\">9</div><div class=\\"child-module__content-container\\"><div class=\\"child-module__title\\" data-et-vb-editable-element=\\"false\\">Your Title Goes Here</div><div class=\\"child-module__content\\"><div id=\\"tiny_mce_child-module-1\\" class=\\"child-module__content\\" data-et-vb-popover-tinymce=\\"false\\"><p>Your content goes here. Edit or remove this text inline or in the module Content settings. You can also style every aspect of this content in the module Design settings and even apply custom CSS to this text in the module Advanced settings.</p></div></div></div></li>"`;

exports[`<ChildModuleEdit /> Should match the snapshot when "Display content style properly when the content style is set." 1`] = `"<li class=\\"example_child_module_child-module-5 example_child_module et_pb_module et-animated--vb\\" data-id=\\"child-module-5\\"><div class=\\"child-module__icon et-pb-icon\\">9</div><div class=\\"child-module__content-container\\"><div class=\\"child-module__title\\" data-et-vb-editable-element=\\"false\\">Your Title Goes Here</div><div class=\\"child-module__content\\"><div id=\\"tiny_mce_child-module-5\\" class=\\"child-module__content\\" data-et-vb-popover-tinymce=\\"false\\"><p>Your content goes here. Edit or remove this text inline or in the module Content settings. You can also style every aspect of this content in the module Design settings and even apply custom CSS to this text in the module Advanced settings.</p></div></div></div><style class=\\"et-vb-module-styles\\">.parent-module .example_child_module_child-module-5 .child-module__content {font-variant: small-caps; text-decoration-line: underline; text-decoration-style: solid; color: #ae16f0; font-size: 16px;}</style></li>"`;

exports[`<ChildModuleEdit /> Should match the snapshot when "Display icon style properly when the icon style is set." 1`] = `"<li class=\\"example_child_module_child-module-3 example_child_module et_pb_module et-animated--vb\\" data-id=\\"child-module-3\\"><div class=\\"child-module__icon et-pb-icon\\">9</div><div class=\\"child-module__content-container\\"><div class=\\"child-module__title\\" data-et-vb-editable-element=\\"false\\">Your Title Goes Here</div><div class=\\"child-module__content\\"><div id=\\"tiny_mce_child-module-3\\" class=\\"child-module__content\\" data-et-vb-popover-tinymce=\\"false\\"><p>Your content goes here. Edit or remove this text inline or in the module Content settings. You can also style every aspect of this content in the module Design settings and even apply custom CSS to this text in the module Advanced settings.</p></div></div></div><style class=\\"et-vb-module-styles\\">.example_child_module_child-module-3 .child-module__icon.et-pb-icon {content: &#x27;9&#x27; !important; font-family: &quot;ETmodules&quot; !important;}.example_child_module_child-module-3 .child-module__icon.et-pb-icon {color: #ae16f0;}.example_child_module_child-module-3 .child-module__icon.et-pb-icon {font-size: 28px;}</style></li>"`;

exports[`<ChildModuleEdit /> Should match the snapshot when "Display selected icon properly when the icon value is set." 1`] = `"<li class=\\"example_child_module_child-module-2 example_child_module et_pb_module et-animated--vb\\" data-id=\\"child-module-2\\"><div class=\\"child-module__icon et-pb-icon\\">9</div><div class=\\"child-module__content-container\\"><div class=\\"child-module__title\\" data-et-vb-editable-element=\\"false\\">Your Title Goes Here</div><div class=\\"child-module__content\\"><div id=\\"tiny_mce_child-module-2\\" class=\\"child-module__content\\" data-et-vb-popover-tinymce=\\"false\\"><p>Your content goes here. Edit or remove this text inline or in the module Content settings. You can also style every aspect of this content in the module Design settings and even apply custom CSS to this text in the module Advanced settings.</p></div></div></div><style class=\\"et-vb-module-styles\\">.example_child_module_child-module-2 .child-module__icon.et-pb-icon {content: &#x27;9&#x27; !important; font-family: &quot;ETmodules&quot; !important;}</style></li>"`;

exports[`<ChildModuleEdit /> Should match the snapshot when "Display title style properly when the title style is set." 1`] = `"<li class=\\"example_child_module_child-module-4 example_child_module et_pb_module et-animated--vb\\" data-id=\\"child-module-4\\"><div class=\\"child-module__icon et-pb-icon\\">9</div><div class=\\"child-module__content-container\\"><div class=\\"child-module__title\\" data-et-vb-editable-element=\\"false\\">Your Title Goes Here</div><div class=\\"child-module__content\\"><div id=\\"tiny_mce_child-module-4\\" class=\\"child-module__content\\" data-et-vb-popover-tinymce=\\"false\\"><p>Your content goes here. Edit or remove this text inline or in the module Content settings. You can also style every aspect of this content in the module Design settings and even apply custom CSS to this text in the module Advanced settings.</p></div></div></div><style class=\\"et-vb-module-styles\\">.parent-module .example_child_module_child-module-4 .child-module__title {font-weight: 300; font-style: italic; text-transform: uppercase; color: #ae16f0 !important; font-size: 31px;}</style></li>"`;
