// Jest Snapshot v1, https://goo.gl/fbAQLP

exports[`<ParentModuleEdit /> Should match the snapshot when "Default attributes that gets added when Parent module is added." 1`] = `"<ul class=\\"parent-module_parentModule1 parent-module et_pb_module et-animated--vb\\" data-id=\\"parentModule1\\"><li class=\\"child-module_childModule1 child-module et_pb_module et-animated--vb\\" data-id=\\"childModule1\\"><div class=\\"child-module__icon et-pb-icon\\">N</div><div class=\\"child-module__content-container\\"><div class=\\"child-module__title\\">Your Title Goes Here</div><div class=\\"child-module__content\\"><p>Your content goes here. Edit or remove this text inline or in the module Content settings. You can also style every aspect of this content in the module Design settings and even apply custom CSS to this text in the module Advanced settings.</p></div></div></li><li class=\\"child-module_childModule2 child-module et_pb_module et-animated--vb\\" data-id=\\"childModule2\\"><div class=\\"child-module__icon et-pb-icon\\">N</div><div class=\\"child-module__content-container\\"><div class=\\"child-module__title\\">Your Title Goes Here</div><div class=\\"child-module__content\\"><p>Your content goes here. Edit or remove this text inline or in the module Content settings. You can also style every aspect of this content in the module Design settings and even apply custom CSS to this text in the module Advanced settings.</p></div></div></li><li class=\\"child-module_childModule3 child-module et_pb_module et-animated--vb\\" data-id=\\"childModule3\\"><div class=\\"child-module__icon et-pb-icon\\">N</div><div class=\\"child-module__content-container\\"><div class=\\"child-module__title\\">Your Title Goes Here</div><div class=\\"child-module__content\\"><p>Your content goes here. Edit or remove this text inline or in the module Content settings. You can also style every aspect of this content in the module Design settings and even apply custom CSS to this text in the module Advanced settings.</p></div></div></li></ul>"`;

exports[`<ParentModuleEdit /> Should match the snapshot when "Display content style properly when the content style is set." 1`] = `"<ul class=\\"parent-module_parentModule5 parent-module et_pb_module et-animated--vb\\" data-id=\\"parentModule5\\"><li class=\\"child-module_childModule13 child-module et_pb_module et-animated--vb\\" data-id=\\"childModule13\\"><div class=\\"child-module__icon et-pb-icon\\">N</div><div class=\\"child-module__content-container\\"><div class=\\"child-module__title\\">Your Title Goes Here</div><div class=\\"child-module__content\\"><p>Your content goes here. Edit or remove this text inline or in the module Content settings. You can also style every aspect of this content in the module Design settings and even apply custom CSS to this text in the module Advanced settings.</p></div></div><style class=\\"et-vb-module-styles\\">.child-module_childModule13 .et_pb_child_module_content {text-transform: uppercase; color: #ae16f0; font-size: 16px;}</style></li><li class=\\"child-module_childModule14 child-module et_pb_module et-animated--vb\\" data-id=\\"childModule14\\"><div class=\\"child-module__icon et-pb-icon\\">N</div><div class=\\"child-module__content-container\\"><div class=\\"child-module__title\\">Your Title Goes Here</div><div class=\\"child-module__content\\"><p>Your content goes here. Edit or remove this text inline or in the module Content settings. You can also style every aspect of this content in the module Design settings and even apply custom CSS to this text in the module Advanced settings.</p></div></div><style class=\\"et-vb-module-styles\\">.child-module_childModule14 .et_pb_child_module_content {text-transform: uppercase; color: #ae16f0; font-size: 16px;}</style></li><li class=\\"child-module_childModule15 child-module et_pb_module et-animated--vb\\" data-id=\\"childModule15\\"><div class=\\"child-module__icon et-pb-icon\\">N</div><div class=\\"child-module__content-container\\"><div class=\\"child-module__title\\">Your Title Goes Here</div><div class=\\"child-module__content\\"><p>Your content goes here. Edit or remove this text inline or in the module Content settings. You can also style every aspect of this content in the module Design settings and even apply custom CSS to this text in the module Advanced settings.</p></div></div><style class=\\"et-vb-module-styles\\">.child-module_childModule15 .et_pb_child_module_content {text-transform: uppercase; color: #ae16f0; font-size: 16px;}</style></li></ul>"`;

exports[`<ParentModuleEdit /> Should match the snapshot when "Display icon style properly when the icon style is set." 1`] = `"<ul class=\\"parent-module_parentModule3 parent-module et_pb_module et-animated--vb\\" data-id=\\"parentModule3\\"><li class=\\"child-module_childModule7 child-module et_pb_module et-animated--vb\\" data-id=\\"childModule7\\"><div class=\\"child-module__icon et-pb-icon\\">9</div><div class=\\"child-module__content-container\\"><div class=\\"child-module__title\\">Your Title Goes Here</div><div class=\\"child-module__content\\"><p>Your content goes here. Edit or remove this text inline or in the module Content settings. You can also style every aspect of this content in the module Design settings and even apply custom CSS to this text in the module Advanced settings.</p></div></div><style class=\\"et-vb-module-styles\\">.child-module_childModule7 .et_pb_child_module_icon.et-pb-icon {color: #ae16f0;}.child-module_childModule7 .et_pb_child_module_icon.et-pb-icon {font-size: 27px;}</style></li><li class=\\"child-module_childModule8 child-module et_pb_module et-animated--vb\\" data-id=\\"childModule8\\"><div class=\\"child-module__icon et-pb-icon\\">9</div><div class=\\"child-module__content-container\\"><div class=\\"child-module__title\\">Your Title Goes Here</div><div class=\\"child-module__content\\"><p>Your content goes here. Edit or remove this text inline or in the module Content settings. You can also style every aspect of this content in the module Design settings and even apply custom CSS to this text in the module Advanced settings.</p></div></div><style class=\\"et-vb-module-styles\\">.child-module_childModule8 .et_pb_child_module_icon.et-pb-icon {color: #ae16f0;}.child-module_childModule8 .et_pb_child_module_icon.et-pb-icon {font-size: 27px;}</style></li><li class=\\"child-module_childModule9 child-module et_pb_module et-animated--vb\\" data-id=\\"childModule9\\"><div class=\\"child-module__icon et-pb-icon\\">9</div><div class=\\"child-module__content-container\\"><div class=\\"child-module__title\\">Your Title Goes Here</div><div class=\\"child-module__content\\"><p>Your content goes here. Edit or remove this text inline or in the module Content settings. You can also style every aspect of this content in the module Design settings and even apply custom CSS to this text in the module Advanced settings.</p></div></div><style class=\\"et-vb-module-styles\\">.child-module_childModule9 .et_pb_child_module_icon.et-pb-icon {color: #ae16f0;}.child-module_childModule9 .et_pb_child_module_icon.et-pb-icon {font-size: 27px;}</style></li></ul>"`;

exports[`<ParentModuleEdit /> Should match the snapshot when "Display selected icon properly into child module when the icon value is set." 1`] = `"<ul class=\\"parent-module_parentModule2 parent-module et_pb_module et-animated--vb\\" data-id=\\"parentModule2\\"><li class=\\"child-module_childModule4 child-module et_pb_module et-animated--vb\\" data-id=\\"childModule4\\"><div class=\\"child-module__icon et-pb-icon\\">9</div><div class=\\"child-module__content-container\\"><div class=\\"child-module__title\\">Your Title Goes Here</div><div class=\\"child-module__content\\"><p>Your content goes here. Edit or remove this text inline or in the module Content settings. You can also style every aspect of this content in the module Design settings and even apply custom CSS to this text in the module Advanced settings.</p></div></div></li><li class=\\"child-module_childModule5 child-module et_pb_module et-animated--vb\\" data-id=\\"childModule5\\"><div class=\\"child-module__icon et-pb-icon\\">9</div><div class=\\"child-module__content-container\\"><div class=\\"child-module__title\\">Your Title Goes Here</div><div class=\\"child-module__content\\"><p>Your content goes here. Edit or remove this text inline or in the module Content settings. You can also style every aspect of this content in the module Design settings and even apply custom CSS to this text in the module Advanced settings.</p></div></div></li><li class=\\"child-module_childModule6 child-module et_pb_module et-animated--vb\\" data-id=\\"childModule6\\"><div class=\\"child-module__icon et-pb-icon\\">9</div><div class=\\"child-module__content-container\\"><div class=\\"child-module__title\\">Your Title Goes Here</div><div class=\\"child-module__content\\"><p>Your content goes here. Edit or remove this text inline or in the module Content settings. You can also style every aspect of this content in the module Design settings and even apply custom CSS to this text in the module Advanced settings.</p></div></div></li></ul>"`;

exports[`<ParentModuleEdit /> Should match the snapshot when "Display title style properly when the title style is set." 1`] = `"<ul class=\\"parent-module_parentModule4 parent-module et_pb_module et-animated--vb\\" data-id=\\"parentModule4\\"><li class=\\"child-module_childModule10 child-module et_pb_module et-animated--vb\\" data-id=\\"childModule10\\"><div class=\\"child-module__icon et-pb-icon\\">N</div><div class=\\"child-module__content-container\\"><div class=\\"child-module__title\\">Your Title Goes Here</div><div class=\\"child-module__content\\"><p>Your content goes here. Edit or remove this text inline or in the module Content settings. You can also style every aspect of this content in the module Design settings and even apply custom CSS to this text in the module Advanced settings.</p></div></div><style class=\\"et-vb-module-styles\\">.child-module_childModule10 .et_pb_child_module_title {font-weight: 300; font-variant: small-caps; color: #ae16f0;}</style></li><li class=\\"child-module_childModule11 child-module et_pb_module et-animated--vb\\" data-id=\\"childModule11\\"><div class=\\"child-module__icon et-pb-icon\\">N</div><div class=\\"child-module__content-container\\"><div class=\\"child-module__title\\">Your Title Goes Here</div><div class=\\"child-module__content\\"><p>Your content goes here. Edit or remove this text inline or in the module Content settings. You can also style every aspect of this content in the module Design settings and even apply custom CSS to this text in the module Advanced settings.</p></div></div><style class=\\"et-vb-module-styles\\">.child-module_childModule11 .et_pb_child_module_title {font-weight: 300; font-variant: small-caps; color: #ae16f0;}</style></li><li class=\\"child-module_childModule12 child-module et_pb_module et-animated--vb\\" data-id=\\"childModule12\\"><div class=\\"child-module__icon et-pb-icon\\">N</div><div class=\\"child-module__content-container\\"><div class=\\"child-module__title\\">Your Title Goes Here</div><div class=\\"child-module__content\\"><p>Your content goes here. Edit or remove this text inline or in the module Content settings. You can also style every aspect of this content in the module Design settings and even apply custom CSS to this text in the module Advanced settings.</p></div></div><style class=\\"et-vb-module-styles\\">.child-module_childModule12 .et_pb_child_module_title {font-weight: 300; font-variant: small-caps; color: #ae16f0;}</style></li></ul>"`;
