// Jest Snapshot v1, https://goo.gl/fbAQLP

exports[`<D4ModuleEdit /> Should match the snapshot when "Default attributes that gets added when Divi 4 module is added." 1`] = `"<div class=\\"d4-module_d4-module-1 d4-module et_pb_bg_layout_light et_pb_module\\" data-id=\\"d4-module-1\\"><h2 class=\\"d4_module_title\\">Your Title Goes Here</h2><div class=\\"d4_module_content\\"><p>Your content goes here. Edit or remove this text inline or in the module Content settings. You can also style every aspect of this content in the module Design settings and even apply custom CSS to this text in the module Advanced settings.</p></div></div>"`;

exports[`<D4ModuleEdit /> Should match the snapshot when "Display content text style properly when the content text style is set." 1`] = `"<div class=\\"d4-module_d4-module-2 d4-module et_pb_bg_layout_light et_pb_module\\" data-id=\\"d4-module-2\\"><h2 class=\\"d4_module_title\\">Your Title Goes Here</h2><div class=\\"d4_module_content\\"><p>Your content goes here. Edit or remove this text inline or in the module Content settings. You can also style every aspect of this content in the module Design settings and even apply custom CSS to this text in the module Advanced settings.</p></div><style class=\\"et-vb-module-styles\\">.d4-module_d4-module-2 .d4_module_content {font-variant: small-caps; color: #8300E9; font-size: 18px; line-height: 1.8em;}.d4-module_d4-module-2 .d4_module_content {text-shadow: 0.08em 0.08em 0.08em #00FFC3;}</style></div>"`;

exports[`<D4ModuleEdit /> Should match the snapshot when "Display custom background, title color, content color and padding properly when the custom background, title color, content color and padding are set." 1`] = `"<div class=\\"d4-module_d4-module-3 d4-module et_pb_bg_layout_light et_pb_module\\" data-id=\\"d4-module-3\\"><h2 class=\\"d4_module_title\\">Your Title Goes Here</h2><div class=\\"d4_module_content\\"><p>Your content goes here. Edit or remove this text inline or in the module Content settings. You can also style every aspect of this content in the module Design settings and even apply custom CSS to this text in the module Advanced settings.</p></div><style class=\\"et-vb-module-styles\\">.d4-module_d4-module-3 {background-color: #8300E9;}.d4-module_d4-module-3 .d4_module_title {color: #ffffff;}.d4-module_d4-module-3 .d4_module_content {color: #ffffff;}.d4-module_d4-module-3 {padding-top: 30px; padding-right: 30px; padding-bottom: 30px; padding-left: 30px;}</style></div>"`;

exports[`<D4ModuleEdit /> Should match the snapshot when "Display custom styles properly when the custom styles are set." 1`] = `"<div class=\\"d4-module_d4-module-4 d4-module et_pb_bg_layout_light et_pb_module\\" data-id=\\"d4-module-4\\"><h3 class=\\"d4_module_title\\">Your Title Goes Here</h3><div class=\\"d4_module_content\\"><p>Your content goes here. Edit or remove this text inline or in the module Content settings. You can also style every aspect of this content in the module Design settings and even apply custom CSS to this text in the module Advanced settings.</p></div><style class=\\"et-vb-module-styles\\">.d4-module_d4-module-4 {background-color: #EDF000;}.d4-module_d4-module-4 {text-align: center;}.d4-module_d4-module-4 .d4_module_title {text-transform: uppercase;}.d4-module_d4-module-4 {padding-top: 30px; padding-right: 30px; padding-bottom: 30px; padding-left: 30px;}.d4-module_d4-module-4 {border-bottom-left-radius: 15px !important; border-bottom-right-radius: 15px !important; border-top-left-radius: 15px !important; border-top-right-radius: 15px !important;}.d4-module_d4-module-4 {box-shadow: 0px 12px 18px -6px rgba(0,0,0,0.3);}</style></div>"`;
